// Vitest Snapshot v1, https://vitest.dev/guide/snapshot.html

exports[`Page > should match snapshot 1`] = `
<DocumentFragment>
  <main
    class="flex bg-blue-950 text-gray-300 min-h-dvh"
  >
    <div
      class="container max-w-5xl mx-auto py-10"
    >
      <h1>
        Hello World
      </h1>
    </div>
  </main>
</DocumentFragment>
`;
