// Vitest Snapshot v1, https://vitest.dev/guide/snapshot.html

exports[`BackRoads - Hero section > should match snapshot 1`] = `
<DocumentFragment>
  <section
    aria-label="Continue exploring"
    class="bg-gradient-to-b from-cyan-600/70 to-gray-500/70 bg-cover bg-center h-dvh relative overflow-hidden flex items-center justify-center"
    id="hero-section"
  >
    <img
      alt="Hero"
      class="absolute left-1/2 -translate-x-1/2 top-1/2 -translate-y-1/2 w-auto h-full md:h-auto md:w-full -z-10"
      src="/src/assets/backroads/main.jpeg"
    />
    <div
      class="container max-w-[1210px] mx-auto px-5 undefined"
    >
      <div
        class="flex flex-col gap-3 items-center text-white tracking-widest text-center"
      >
        <h1
          class="text-6xl uppercase font-bold"
        >
          continue exploring
        </h1>
        <p
          class="max-w-[720px]"
        >
          Lorem ipsum dolor sit amet consectetur adipisicing elit. Vitae explicabo debitis est autem dicta.
        </p>
        <a
          class="text-xl px-6 py-3 text-cyan-500 hover:text-white bg-white hover:bg-transparent border border-white uppercase transition duration-500"
          href="#"
        >
          explore tours
        </a>
      </div>
    </div>
  </section>
</DocumentFragment>
`;
