// Vitest Snapshot v1, https://vitest.dev/guide/snapshot.html

exports[`BackRoads - Services > should match snapshot 1`] = `
<DocumentFragment>
  <section
    class="py-20 bg-slate-100"
  >
    <h2
      class="text-4xl font-bold text-center uppercase tracking-widest mb-16"
    >
      Our 
      <span
        class="text-cyan-500"
      >
        Services
      </span>
    </h2>
    <div
      class="container max-w-[1210px] mx-auto px-5 flex flex-col md:flex-row gap-8 "
    >
      <article
        class="flex gap-4 flex-1"
      >
        <div
          class="p-2 bg-cyan-500 text-cyan-900 text-4xl self-start"
        >
          <svg
            aria-hidden="true"
            aria-label="saving money"
            class="svg-inline--fa fa-wallet "
            data-icon="wallet"
            data-prefix="fas"
            data-testid="icon"
            focusable="false"
            role="img"
            viewBox="0 0 512 512"
            xmlns="http://www.w3.org/2000/svg"
          >
            <path
              d="M64 32C28.7 32 0 60.7 0 96L0 416c0 35.3 28.7 64 64 64l384 0c35.3 0 64-28.7 64-64l0-224c0-35.3-28.7-64-64-64L80 128c-8.8 0-16-7.2-16-16s7.2-16 16-16l368 0c17.7 0 32-14.3 32-32s-14.3-32-32-32L64 32zM416 272a32 32 0 1 1 0 64 32 32 0 1 1 0-64z"
              fill="currentColor"
            />
          </svg>
        </div>
        <div>
          <h4
            class="capitalize tracking-widest font-bold mb-2"
          >
            saving money
          </h4>
          <p
            class="text-slate-500"
          >
            Lorem ipsum dolor sit amet consectetur adipisicing elit. Asperiores, officia.
          </p>
        </div>
      </article>
      <article
        class="flex gap-4 flex-1"
      >
        <div
          class="p-2 bg-cyan-500 text-cyan-900 text-4xl self-start"
        >
          <svg
            aria-hidden="true"
            aria-label="endless hiking"
            class="svg-inline--fa fa-tree "
            data-icon="tree"
            data-prefix="fas"
            data-testid="icon"
            focusable="false"
            role="img"
            viewBox="0 0 448 512"
            xmlns="http://www.w3.org/2000/svg"
          >
            <path
              d="M210.6 5.9L62 169.4c-3.9 4.2-6 9.8-6 15.5C56 197.7 66.3 208 79.1 208l24.9 0L30.6 281.4c-4.2 4.2-6.6 10-6.6 16C24 309.9 34.1 320 46.6 320L80 320 5.4 409.5C1.9 413.7 0 419 0 424.5c0 13 10.5 23.5 23.5 23.5L192 448l0 32c0 17.7 14.3 32 32 32s32-14.3 32-32l0-32 168.5 0c13 0 23.5-10.5 23.5-23.5c0-5.5-1.9-10.8-5.4-15L368 320l33.4 0c12.5 0 22.6-10.1 22.6-22.6c0-6-2.4-11.8-6.6-16L344 208l24.9 0c12.7 0 23.1-10.3 23.1-23.1c0-5.7-2.1-11.3-6-15.5L237.4 5.9C234 2.1 229.1 0 224 0s-10 2.1-13.4 5.9z"
              fill="currentColor"
            />
          </svg>
        </div>
        <div>
          <h4
            class="capitalize tracking-widest font-bold mb-2"
          >
            endless hiking
          </h4>
          <p
            class="text-slate-500"
          >
            Lorem ipsum dolor sit amet consectetur adipisicing elit. Asperiores, officia.
          </p>
        </div>
      </article>
      <article
        class="flex gap-4 flex-1"
      >
        <div
          class="p-2 bg-cyan-500 text-cyan-900 text-4xl self-start"
        >
          <svg
            aria-hidden="true"
            aria-label="amazing comfort"
            class="svg-inline--fa fa-socks "
            data-icon="socks"
            data-prefix="fas"
            data-testid="icon"
            focusable="false"
            role="img"
            viewBox="0 0 512 512"
            xmlns="http://www.w3.org/2000/svg"
          >
            <path
              d="M175.2 476.6c-9.7-18-15.2-38.7-15.2-60.6c0-40.3 19-78.2 51.2-102.4l64-48c8.1-6 12.8-15.5 12.8-25.6l0-144L128 96l0 144c0 20.1-9.5 39.1-25.6 51.2l-64 48C14.2 357.3 0 385.8 0 416c0 53 43 96 96 96c20.8 0 41-6.7 57.6-19.2l21.6-16.2zM128 64l160 0 0-16c0-14.5 3.9-28.2 10.7-39.9C291 3 281.9 0 272 0L176 0c-26.5 0-48 21.5-48 48l0 16zM320 96l0 144c0 20.1-9.5 39.1-25.6 51.2l-64 48C206.2 357.3 192 385.8 192 416c0 53 43 96 96 96c20.8 0 41-6.7 57.6-19.2l115.2-86.4C493 382.2 512 344.3 512 304l0-208L320 96zM512 64l0-16c0-26.5-21.5-48-48-48L368 0c-26.5 0-48 21.5-48 48l0 16 192 0z"
              fill="currentColor"
            />
          </svg>
        </div>
        <div>
          <h4
            class="capitalize tracking-widest font-bold mb-2"
          >
            amazing comfort
          </h4>
          <p
            class="text-slate-500"
          >
            Lorem ipsum dolor sit amet consectetur adipisicing elit. Asperiores, officia.
          </p>
        </div>
      </article>
    </div>
  </section>
</DocumentFragment>
`;
