// Vitest Snapshot v1, https://vitest.dev/guide/snapshot.html

exports[`BackRoads - Service Card > should match snapshot 1`] = `
<DocumentFragment>
  <article
    class="flex gap-4 flex-1"
  >
    <div
      class="p-2 bg-cyan-500 text-cyan-900 text-4xl self-start"
    >
      <svg
        aria-hidden="true"
        aria-label="saving money"
        class="svg-inline--fa fa-wallet "
        data-icon="wallet"
        data-prefix="fas"
        data-testid="icon"
        focusable="false"
        role="img"
        viewBox="0 0 512 512"
        xmlns="http://www.w3.org/2000/svg"
      >
        <path
          d="M64 32C28.7 32 0 60.7 0 96L0 416c0 35.3 28.7 64 64 64l384 0c35.3 0 64-28.7 64-64l0-224c0-35.3-28.7-64-64-64L80 128c-8.8 0-16-7.2-16-16s7.2-16 16-16l368 0c17.7 0 32-14.3 32-32s-14.3-32-32-32L64 32zM416 272a32 32 0 1 1 0 64 32 32 0 1 1 0-64z"
          fill="currentColor"
        />
      </svg>
    </div>
    <div>
      <h3
        class="capitalize tracking-widest font-bold mb-2"
      >
        saving money
      </h3>
      <p
        class="text-slate-500"
      >
        Lorem ipsum dolor sit amet consectetur adipisicing elit. Asperiores, officia.
      </p>
    </div>
  </article>
</DocumentFragment>
`;
